================================================
Timestamp: 2026-07-22 09:53:38
To: sujan61@gmail.com
Subject: Verify Your Account - Nepal Tour and Travel
Message:
Hello,

Thank you for signing up at Nepal Tour and Travel.

Please click the link below to verify your email address and activate your account:
http://localhost/Major-project/frontend/verify.php?token=7ea7122ac7f36967a1a0163b20f600eb28c363562aa191df09a4a2aee8eaa9b4

Best regards,
Nepal Tour and Travel Team
================================================

================================================
Timestamp: 2026-08-03 12:48:51
To: sujankandel61@gmail.com
Subject: Verify Your Account - Nepal Tour and Travel
Message:
Hello,

Thank you for signing up at Nepal Tour and Travel.

Please click the link below to verify your email address and activate your account:
http://localhost/Major-project/frontend/verify.php?token=db86c4da6238c267bf2bcabf25ba69c76945de4a9c48b31990f2d38e814c236e

Best regards,
Nepal Tour and Travel Team
================================================

